// Jest Snapshot v1, https://goo.gl/fbAQLP

exports[`template generates xlf template 1`] = `
"<?xml version=\\"1.0\\" encoding=\\"UTF-8\\"?>
<xliff xmlns=\\"urn:oasis:names:tc:xliff:document:1.2\\" version=\\"1.2\\">
  <file original=\\"file.md\\" source-language=\\"ru-RU\\" target-language=\\"en-US\\" datatype=\\"markdown\\">
    <header>
      <skeleton>
        <external-file href=\\"file.skl.md\\"></external-file>
      </skeleton>
    </header>
    <body>
"
`;

exports[`template generates xlf template 2`] = `
"    </body>
  </file>
</xliff>
"
`;

exports[`template generates xlf template 3`] = `
"<?xml version=\\"1.0\\" encoding=\\"UTF-8\\"?>
<xliff xmlns=\\"urn:oasis:names:tc:xliff:document:1.2\\" version=\\"1.2\\">
  <file original=\\"file.md\\" source-language=\\"ru-RU\\" target-language=\\"en-US\\" datatype=\\"markdown\\">
    <header>
      <skeleton>
        <external-file href=\\"file.skl.md\\"></external-file>
      </skeleton>
    </header>
    <body>
    </body>
  </file>
</xliff>
"
`;
